date_month,had_discount,base_average_metric
2022-01-01,TRUE,1.00000000000000000000
2022-01-01,FALSE,1.00000000000000000000
2022-02-01,FALSE,1.00000000000000000000
2022-02-01,TRUE,1.00000000000000000000